Archive member included to satisfy reference by file (symbol)

d:/program files (x86)/atmel/studio/7.0/toolchain/avr8/avr8-gnu-toolchain/bin/../lib/gcc/avr/5.4.0/avr5\libgcc.a(_divmodhi4.o)
                              game.o (__divmodhi4)
d:/program files (x86)/atmel/studio/7.0/toolchain/avr8/avr8-gnu-toolchain/bin/../lib/gcc/avr/5.4.0/avr5\libgcc.a(_udivmodsi4.o)
                              src/serial/serial.o (__udivmodsi4)
d:/program files (x86)/atmel/studio/7.0/toolchain/avr8/avr8-gnu-toolchain/bin/../lib/gcc/avr/5.4.0/avr5\libgcc.a(_exit.o)
                              D:/Program Files (x86)/Atmel/Studio/7.0/Packs/atmel/ATmega_DFP/1.2.132/gcc/dev/atmega324pa/avr5/crtatmega324pa.o (exit)
d:/program files (x86)/atmel/studio/7.0/toolchain/avr8/avr8-gnu-toolchain/bin/../lib/gcc/avr/5.4.0/avr5\libgcc.a(_copy_data.o)
                              game.o (__do_copy_data)
d:/program files (x86)/atmel/studio/7.0/toolchain/avr8/avr8-gnu-toolchain/bin/../lib/gcc/avr/5.4.0/avr5\libgcc.a(_clear_bss.o)
                              game.o (__do_clear_bss)
d:/program files (x86)/atmel/studio/7.0/toolchain/avr8/avr8-gnu-toolchain/bin/../lib/gcc/avr/5.4.0/avr5\libgcc.a(_udivmodhi4.o)
                              d:/program files (x86)/atmel/studio/7.0/toolchain/avr8/avr8-gnu-toolchain/bin/../lib/gcc/avr/5.4.0/avr5\libgcc.a(_divmodhi4.o) (__udivmodhi4)
d:/program files (x86)/atmel/studio/7.0/toolchain/avr8/avr8-gnu-toolchain/bin/../lib/gcc/avr/5.4.0/../../../../avr/lib/avr5\libc.a(memcpy.o)
                              src/FreeRTOS/Source/queue.o (memcpy)
d:/program files (x86)/atmel/studio/7.0/toolchain/avr8/avr8-gnu-toolchain/bin/../lib/gcc/avr/5.4.0/../../../../avr/lib/avr5\libc.a(memset.o)
                              src/FreeRTOS/Source/tasks.o (memset)
d:/program files (x86)/atmel/studio/7.0/toolchain/avr8/avr8-gnu-toolchain/bin/../lib/gcc/avr/5.4.0/../../../../avr/lib/avr5\libc.a(strlen.o)
                              game.o (strlen)

Allocating common symbols
Common symbol       size              file

bata                0x6               game.o
batb                0x6               game.o

Discarded input sections

 .data          0x00000000        0x0 D:/Program Files (x86)/Atmel/Studio/7.0/Packs/atmel/ATmega_DFP/1.2.132/gcc/dev/atmega324pa/avr5/crtatmega324pa.o
 .bss           0x00000000        0x0 D:/Program Files (x86)/Atmel/Studio/7.0/Packs/atmel/ATmega_DFP/1.2.132/gcc/dev/atmega324pa/avr5/crtatmega324pa.o
 .text          0x00000000        0x0 byteStuffing.o
 .data          0x00000000        0x0 byteStuffing.o
 .bss           0x00000000        0x0 byteStuffing.o
 .text          0x00000000        0x0 game.o
 .data          0x00000000        0x0 game.o
 .bss           0x00000000        0x0 game.o
 .text.hide_game
                0x00000000       0xda game.o
 .text.unhide_game
                0x00000000       0x9c game.o
 COMMON         0x00000000        0xc game.o
 .text          0x00000000        0x0 joystick.o
 .data          0x00000000        0x0 joystick.o
 .bss           0x00000000        0x0 joystick.o
 .text          0x00000000        0x0 main.o
 .data          0x00000000        0x0 main.o
 .bss           0x00000000        0x0 main.o
 .text          0x00000000        0x0 protocol.o
 .data          0x00000000        0x0 protocol.o
 .bss           0x00000000        0x0 protocol.o
 .text          0x00000000        0x0 serialcom.o
 .data          0x00000000        0x0 serialcom.o
 .bss           0x00000000        0x0 serialcom.o
 .rodata._COM_RX_QUEUE_LENGTH
                0x00000000        0x1 serialcom.o
 .text          0x00000000        0x0 src/board/board.o
 .data          0x00000000        0x0 src/board/board.o
 .bss           0x00000000        0x0 src/board/board.o
 .text.com_send_bytes
                0x00000000       0x32 src/board/board.o
 .text          0x00000000        0x0 src/buffer/buffer.o
 .data          0x00000000        0x0 src/buffer/buffer.o
 .bss           0x00000000        0x0 src/buffer/buffer.o
 .text.buffer_is_empty
                0x00000000       0x28 src/buffer/buffer.o
 .text.buffer_no_of_items
                0x00000000       0x20 src/buffer/buffer.o
 .text.buffer_clear
                0x00000000       0x32 src/buffer/buffer.o
 .text          0x00000000        0x0 src/FreeRTOS/Source/croutine.o
 .data          0x00000000        0x0 src/FreeRTOS/Source/croutine.o
 .bss           0x00000000        0x0 src/FreeRTOS/Source/croutine.o
 .bss.pxReadyCoRoutineLists
                0x00000000       0x12 src/FreeRTOS/Source/croutine.o
 .bss.xDelayedCoRoutineList1
                0x00000000        0x9 src/FreeRTOS/Source/croutine.o
 .bss.xDelayedCoRoutineList2
                0x00000000        0x9 src/FreeRTOS/Source/croutine.o
 .bss.pxDelayedCoRoutineList
                0x00000000        0x2 src/FreeRTOS/Source/croutine.o
 .bss.pxOverflowDelayedCoRoutineList
                0x00000000        0x2 src/FreeRTOS/Source/croutine.o
 .bss.xPendingReadyCoRoutineList
                0x00000000        0x9 src/FreeRTOS/Source/croutine.o
 .bss.pxCurrentCoRoutine
                0x00000000        0x2 src/FreeRTOS/Source/croutine.o
 .bss.uxTopCoRoutineReadyPriority
                0x00000000        0x1 src/FreeRTOS/Source/croutine.o
 .bss.xCoRoutineTickCount
                0x00000000        0x2 src/FreeRTOS/Source/croutine.o
 .bss.xLastTickCount
                0x00000000        0x2 src/FreeRTOS/Source/croutine.o
 .bss.xPassedTicks
                0x00000000        0x2 src/FreeRTOS/Source/croutine.o
 .text.xCoRoutineCreate
                0x00000000      0x138 src/FreeRTOS/Source/croutine.o
 .text.vCoRoutineAddToDelayedList
                0x00000000       0xca src/FreeRTOS/Source/croutine.o
 .text.prvCheckPendingReadyList
                0x00000000       0x9a src/FreeRTOS/Source/croutine.o
 .text.prvCheckDelayedList
                0x00000000      0x16e src/FreeRTOS/Source/croutine.o
 .text.vCoRoutineSchedule
                0x00000000      0x10a src/FreeRTOS/Source/croutine.o
 .text.prvInitialiseCoRoutineLists
                0x00000000       0x74 src/FreeRTOS/Source/croutine.o
 .text.xCoRoutineRemoveFromEventList
                0x00000000       0x72 src/FreeRTOS/Source/croutine.o
 .debug_info    0x00000000      0x4d8 src/FreeRTOS/Source/croutine.o
 .debug_abbrev  0x00000000      0x182 src/FreeRTOS/Source/croutine.o
 .debug_loc     0x00000000      0x1f7 src/FreeRTOS/Source/croutine.o
 .debug_aranges
                0x00000000       0x50 src/FreeRTOS/Source/croutine.o
 .debug_ranges  0x00000000       0x40 src/FreeRTOS/Source/croutine.o
 .debug_line    0x00000000      0x41a src/FreeRTOS/Source/croutine.o
 .debug_str     0x00000000      0x503 src/FreeRTOS/Source/croutine.o
 .comment       0x00000000       0x31 src/FreeRTOS/Source/croutine.o
 .debug_frame   0x00000000       0xf4 src/FreeRTOS/Source/croutine.o
 .text          0x00000000        0x0 src/FreeRTOS/Source/event_groups.o
 .data          0x00000000        0x0 src/FreeRTOS/Source/event_groups.o
 .bss           0x00000000        0x0 src/FreeRTOS/Source/event_groups.o
 .text.xEventGroupCreate
                0x00000000       0x40 src/FreeRTOS/Source/event_groups.o
 .text.xEventGroupSync
                0x00000000      0x176 src/FreeRTOS/Source/event_groups.o
 .text.xEventGroupWaitBits
                0x00000000      0x18c src/FreeRTOS/Source/event_groups.o
 .text.xEventGroupClearBits
                0x00000000       0x72 src/FreeRTOS/Source/event_groups.o
 .text.xEventGroupGetBitsFromISR
                0x00000000       0x46 src/FreeRTOS/Source/event_groups.o
 .text.xEventGroupSetBits
                0x00000000      0x17a src/FreeRTOS/Source/event_groups.o
 .text.vEventGroupDelete
                0x00000000       0x68 src/FreeRTOS/Source/event_groups.o
 .text.vEventGroupSetBitsCallback
                0x00000000       0x3c src/FreeRTOS/Source/event_groups.o
 .text.vEventGroupClearBitsCallback
                0x00000000       0x3c src/FreeRTOS/Source/event_groups.o
 .text.prvTestWaitCondition
                0x00000000       0x64 src/FreeRTOS/Source/event_groups.o
 .text.uxEventGroupGetNumber
                0x00000000       0x42 src/FreeRTOS/Source/event_groups.o
 .debug_info    0x00000000      0x6a6 src/FreeRTOS/Source/event_groups.o
 .debug_abbrev  0x00000000      0x155 src/FreeRTOS/Source/event_groups.o
 .debug_loc     0x00000000      0x32d src/FreeRTOS/Source/event_groups.o
 .debug_aranges
                0x00000000       0x70 src/FreeRTOS/Source/event_groups.o
 .debug_ranges  0x00000000       0x60 src/FreeRTOS/Source/event_groups.o
 .debug_line    0x00000000      0x50e src/FreeRTOS/Source/event_groups.o
 .debug_str     0x00000000      0x543 src/FreeRTOS/Source/event_groups.o
 .comment       0x00000000       0x31 src/FreeRTOS/Source/event_groups.o
 .debug_frame   0x00000000      0x180 src/FreeRTOS/Source/event_groups.o
 .text          0x00000000        0x0 src/FreeRTOS/Source/list.o
 .data          0x00000000        0x0 src/FreeRTOS/Source/list.o
 .bss           0x00000000        0x0 src/FreeRTOS/Source/list.o
 .text          0x00000000        0x0 src/FreeRTOS/Source/portable/GCC/ATMega324/port.o
 .data          0x00000000        0x0 src/FreeRTOS/Source/portable/GCC/ATMega324/port.o
 .bss           0x00000000        0x0 src/FreeRTOS/Source/portable/GCC/ATMega324/port.o
 .text.vPortEndScheduler
                0x00000000       0x10 src/FreeRTOS/Source/portable/GCC/ATMega324/port.o
 .text          0x00000000        0x0 src/serial/serial.o
 .data          0x00000000        0x0 src/serial/serial.o
 .bss           0x00000000        0x0 src/serial/serial.o
 .text.serial_send_bytes
                0x00000000       0xbe src/serial/serial.o
 .text          0x00000000        0x0 src/FreeRTOS/Source/portable/MemMang/heap_2.o
 .data          0x00000000        0x0 src/FreeRTOS/Source/portable/MemMang/heap_2.o
 .bss           0x00000000        0x0 src/FreeRTOS/Source/portable/MemMang/heap_2.o
 .rodata.heapSTRUCT_SIZE
                0x00000000        0x2 src/FreeRTOS/Source/portable/MemMang/heap_2.o
 .text.xPortGetFreeHeapSize
                0x00000000       0x16 src/FreeRTOS/Source/portable/MemMang/heap_2.o
 .text.vPortInitialiseBlocks
                0x00000000       0x10 src/FreeRTOS/Source/portable/MemMang/heap_2.o
 .text          0x00000000        0x0 src/FreeRTOS/Source/queue.o
 .data          0x00000000        0x0 src/FreeRTOS/Source/queue.o
 .bss           0x00000000        0x0 src/FreeRTOS/Source/queue.o
 .text.xQueueGiveFromISR
                0x00000000       0xb4 src/FreeRTOS/Source/queue.o
 .text.xQueueReceiveFromISR
                0x00000000       0xbe src/FreeRTOS/Source/queue.o
 .text.xQueuePeekFromISR
                0x00000000       0x78 src/FreeRTOS/Source/queue.o
 .text.uxQueueMessagesWaiting
                0x00000000       0x32 src/FreeRTOS/Source/queue.o
 .text.uxQueueMessagesWaitingFromISR
                0x00000000       0x28 src/FreeRTOS/Source/queue.o
 .text.vQueueDelete
                0x00000000       0x30 src/FreeRTOS/Source/queue.o
 .text.uxQueueGetQueueNumber
                0x00000000       0x20 src/FreeRTOS/Source/queue.o
 .text.vQueueSetQueueNumber
                0x00000000       0x2a src/FreeRTOS/Source/queue.o
 .text.ucQueueGetQueueType
                0x00000000       0x20 src/FreeRTOS/Source/queue.o
 .text.xQueueIsQueueEmptyFromISR
                0x00000000       0x32 src/FreeRTOS/Source/queue.o
 .text.xQueueIsQueueFullFromISR
                0x00000000       0x3a src/FreeRTOS/Source/queue.o
 .text.xQueueCRSend
                0x00000000       0xc2 src/FreeRTOS/Source/queue.o
 .text.xQueueCRReceive
                0x00000000      0x132 src/FreeRTOS/Source/queue.o
 .text.xQueueCRSendFromISR
                0x00000000       0x82 src/FreeRTOS/Source/queue.o
 .text.xQueueCRReceiveFromISR
                0x00000000      0x108 src/FreeRTOS/Source/queue.o
 .text          0x00000000        0x0 src/FreeRTOS/Source/tasks.o
 .data          0x00000000        0x0 src/FreeRTOS/Source/tasks.o
 .bss           0x00000000        0x0 src/FreeRTOS/Source/tasks.o
 .text.vTaskDelete
                0x00000000       0xd2 src/FreeRTOS/Source/tasks.o
 .text.eTaskGetState
                0x00000000       0xa8 src/FreeRTOS/Source/tasks.o
 .text.vTaskEndScheduler
                0x00000000       0x1a src/FreeRTOS/Source/tasks.o
 .text.xTaskGetTickCountFromISR
                0x00000000       0x2a src/FreeRTOS/Source/tasks.o
 .text.uxTaskGetNumberOfTasks
                0x00000000       0x12 src/FreeRTOS/Source/tasks.o
 .text.pcTaskGetName
                0x00000000       0x3e src/FreeRTOS/Source/tasks.o
 .text.uxTaskGetSystemState
                0x00000000      0x140 src/FreeRTOS/Source/tasks.o
 .text.xTaskGetApplicationTaskTag
                0x00000000       0x5e src/FreeRTOS/Source/tasks.o
 .text.xTaskCallApplicationTaskHook
                0x00000000       0x74 src/FreeRTOS/Source/tasks.o
 .text.vTaskPlaceOnUnorderedEventList
                0x00000000       0x64 src/FreeRTOS/Source/tasks.o
 .text.xTaskRemoveFromUnorderedEventList
                0x00000000       0xd6 src/FreeRTOS/Source/tasks.o
 .text.uxTaskGetTaskNumber
                0x00000000       0x42 src/FreeRTOS/Source/tasks.o
 .text.vTaskSetTaskNumber
                0x00000000       0x40 src/FreeRTOS/Source/tasks.o
 .text.vTaskGetInfo
                0x00000000      0x112 src/FreeRTOS/Source/tasks.o
 .text.prvListTasksWithinSingleList
                0x00000000      0x14c src/FreeRTOS/Source/tasks.o
 .text.xTaskGetCurrentTaskHandle
                0x00000000       0x24 src/FreeRTOS/Source/tasks.o
 .text.uxTaskResetEventItemValue
                0x00000000       0x54 src/FreeRTOS/Source/tasks.o
 .text.ulTaskNotifyTake
                0x00000000       0xfa src/FreeRTOS/Source/tasks.o
 .text.xTaskNotifyWait
                0x00000000      0x14c src/FreeRTOS/Source/tasks.o
 .text.xTaskGenericNotify
                0x00000000      0x1c2 src/FreeRTOS/Source/tasks.o
 .text.xTaskGenericNotifyFromISR
                0x00000000      0x1f8 src/FreeRTOS/Source/tasks.o
 .text.vTaskNotifyGiveFromISR
                0x00000000      0x11c src/FreeRTOS/Source/tasks.o
 .text.xTaskNotifyStateClear
                0x00000000       0x64 src/FreeRTOS/Source/tasks.o
 .text          0x00000000        0x0 src/FreeRTOS/Source/timers.o
 .data          0x00000000        0x0 src/FreeRTOS/Source/timers.o
 .bss           0x00000000        0x0 src/FreeRTOS/Source/timers.o
 .debug_info    0x00000000       0x64 src/FreeRTOS/Source/timers.o
 .debug_abbrev  0x00000000       0x26 src/FreeRTOS/Source/timers.o
 .debug_aranges
                0x00000000       0x18 src/FreeRTOS/Source/timers.o
 .debug_line    0x00000000       0x1a src/FreeRTOS/Source/timers.o
 .debug_str     0x00000000      0x1a2 src/FreeRTOS/Source/timers.o
 .comment       0x00000000       0x31 src/FreeRTOS/Source/timers.o
 .text          0x00000000        0x0 d:/program files (x86)/atmel/studio/7.0/toolchain/avr8/avr8-gnu-toolchain/bin/../lib/gcc/avr/5.4.0/avr5\libgcc.a(_divmodhi4.o)
 .data          0x00000000        0x0 d:/program files (x86)/atmel/studio/7.0/toolchain/avr8/avr8-gnu-toolchain/bin/../lib/gcc/avr/5.4.0/avr5\libgcc.a(_divmodhi4.o)
 .bss           0x00000000        0x0 d:/program files (x86)/atmel/studio/7.0/toolchain/avr8/avr8-gnu-toolchain/bin/../lib/gcc/avr/5.4.0/avr5\libgcc.a(_divmodhi4.o)
 .text.libgcc.mul
                0x00000000        0x0 d:/program files (x86)/atmel/studio/7.0/toolchain/avr8/avr8-gnu-toolchain/bin/../lib/gcc/avr/5.4.0/avr5\libgcc.a(_divmodhi4.o)
 .text.libgcc   0x00000000        0x0 d:/program files (x86)/atmel/studio/7.0/toolchain/avr8/avr8-gnu-toolchain/bin/../lib/gcc/avr/5.4.0/avr5\libgcc.a(_divmodhi4.o)
 .text.libgcc.prologue
                0x00000000        0x0 d:/program files (x86)/atmel/studio/7.0/toolchain/avr8/avr8-gnu-toolchain/bin/../lib/gcc/avr/5.4.0/avr5\libgcc.a(_divmodhi4.o)
 .text.libgcc.builtins
                0x00000000        0x0 d:/program files (x86)/atmel/studio/7.0/toolchain/avr8/avr8-gnu-toolchain/bin/../lib/gcc/avr/5.4.0/avr5\libgcc.a(_divmodhi4.o)
 .text.libgcc.fmul
                0x00000000        0x0 d:/program files (x86)/atmel/studio/7.0/toolchain/avr8/avr8-gnu-toolchain/bin/../lib/gcc/avr/5.4.0/avr5\libgcc.a(_divmodhi4.o)
 .text.libgcc.fixed
                0x00000000        0x0 d:/program files (x86)/atmel/studio/7.0/toolchain/avr8/avr8-gnu-toolchain/bin/../lib/gcc/avr/5.4.0/avr5\libgcc.a(_divmodhi4.o)
 .text          0x00000000        0x0 d:/program files (x86)/atmel/studio/7.0/toolchain/avr8/avr8-gnu-toolchain/bin/../lib/gcc/avr/5.4.0/avr5\libgcc.a(_udivmodsi4.o)
 .data          0x00000000        0x0 d:/program files (x86)/atmel/studio/7.0/toolchain/avr8/avr8-gnu-toolchain/bin/../lib/gcc/avr/5.4.0/avr5\libgcc.a(_udivmodsi4.o)
 .bss           0x00000000        0x0 d:/program files (x86)/atmel/studio/7.0/toolchain/avr8/avr8-gnu-toolchain/bin/../lib/gcc/avr/5.4.0/avr5\libgcc.a(_udivmodsi4.o)
 .text.libgcc.mul
                0x00000000        0x0 d:/program files (x86)/atmel/studio/7.0/toolchain/avr8/avr8-gnu-toolchain/bin/../lib/gcc/avr/5.4.0/avr5\libgcc.a(_udivmodsi4.o)
 .text.libgcc   0x00000000        0x0 d:/program files (x86)/atmel/studio/7.0/toolchain/avr8/avr8-gnu-toolchain/bin/../lib/gcc/avr/5.4.0/avr5\libgcc.a(_udivmodsi4.o)
 .text.libgcc.prologue
                0x00000000        0x0 d:/program files (x86)/atmel/studio/7.0/toolchain/avr8/avr8-gnu-toolchain/bin/../lib/gcc/avr/5.4.0/avr5\libgcc.a(_udivmodsi4.o)
 .text.libgcc.builtins
                0x00000000        0x0 d:/program files (x86)/atmel/studio/7.0/toolchain/avr8/avr8-gnu-toolchain/bin/../lib/gcc/avr/5.4.0/avr5\libgcc.a(_udivmodsi4.o)
 .text.libgcc.fmul
                0x00000000        0x0 d:/program files (x86)/atmel/studio/7.0/toolchain/avr8/avr8-gnu-toolchain/bin/../lib/gcc/avr/5.4.0/avr5\libgcc.a(_udivmodsi4.o)
 .text.libgcc.fixed
                0x00000000        0x0 d:/program files (x86)/atmel/studio/7.0/toolchain/avr8/avr8-gnu-toolchain/bin/../lib/gcc/avr/5.4.0/avr5\libgcc.a(_udivmodsi4.o)
 .text          0x00000000        0x0 d:/program files (x86)/atmel/studio/7.0/toolchain/avr8/avr8-gnu-toolchain/bin/../lib/gcc/avr/5.4.0/avr5\libgcc.a(_exit.o)
 .data          0x00000000        0x0 d:/program files (x86)/atmel/studio/7.0/toolchain/avr8/avr8-gnu-toolchain/bin/../lib/gcc/avr/5.4.0/avr5\libgcc.a(_exit.o)
 .bss           0x00000000        0x0 d:/program files (x86)/atmel/studio/7.0/toolchain/avr8/avr8-gnu-toolchain/bin/../lib/gcc/avr/5.4.0/avr5\libgcc.a(_exit.o)
 .text.libgcc.mul
                0x00000000        0x0 d:/program files (x86)/atmel/studio/7.0/toolchain/avr8/avr8-gnu-toolchain/bin/../lib/gcc/avr/5.4.0/avr5\libgcc.a(_exit.o)
 .text.libgcc.div
                0x00000000        0x0 d:/program files (x86)/atmel/studio/7.0/toolchain/avr8/avr8-gnu-toolchain/bin/../lib/gcc/avr/5.4.0/avr5\libgcc.a(_exit.o)
 .text.libgcc   0x00000000        0x0 d:/program files (x86)/atmel/studio/7.0/toolchain/avr8/avr8-gnu-toolchain/bin/../lib/gcc/avr/5.4.0/avr5\libgcc.a(_exit.o)
 .text.libgcc.prologue
                0x00000000        0x0 d:/program files (x86)/atmel/studio/7.0/toolchain/avr8/avr8-gnu-toolchain/bin/../lib/gcc/avr/5.4.0/avr5\libgcc.a(_exit.o)
 .text.libgcc.builtins
                0x00000000        0x0 d:/program files (x86)/atmel/studio/7.0/toolchain/avr8/avr8-gnu-toolchain/bin/../lib/gcc/avr/5.4.0/avr5\libgcc.a(_exit.o)
 .text.libgcc.fmul
                0x00000000        0x0 d:/program files (x86)/atmel/studio/7.0/toolchain/avr8/avr8-gnu-toolchain/bin/../lib/gcc/avr/5.4.0/avr5\libgcc.a(_exit.o)
 .text.libgcc.fixed
                0x00000000        0x0 d:/program files (x86)/atmel/studio/7.0/toolchain/avr8/avr8-gnu-toolchain/bin/../lib/gcc/avr/5.4.0/avr5\libgcc.a(_exit.o)
 .text          0x00000000        0x0 d:/program files (x86)/atmel/studio/7.0/toolchain/avr8/avr8-gnu-toolchain/bin/../lib/gcc/avr/5.4.0/avr5\libgcc.a(_copy_data.o)
 .data          0x00000000        0x0 d:/program files (x86)/atmel/studio/7.0/toolchain/avr8/avr8-gnu-toolchain/bin/../lib/gcc/avr/5.4.0/avr5\libgcc.a(_copy_data.o)
 .bss           0x00000000        0x0 d:/program files (x86)/atmel/studio/7.0/toolchain/avr8/avr8-gnu-toolchain/bin/../lib/gcc/avr/5.4.0/avr5\libgcc.a(_copy_data.o)
 .text.libgcc.mul
                0x00000000        0x0 d:/program files (x86)/atmel/studio/7.0/toolchain/avr8/avr8-gnu-toolchain/bin/../lib/gcc/avr/5.4.0/avr5\libgcc.a(_copy_data.o)
 .text.libgcc.div
                0x00000000        0x0 d:/program files (x86)/atmel/studio/7.0/toolchain/avr8/avr8-gnu-toolchain/bin/../lib/gcc/avr/5.4.0/avr5\libgcc.a(_copy_data.o)
 .text.libgcc   0x00000000        0x0 d:/program files (x86)/atmel/studio/7.0/toolchain/avr8/avr8-gnu-toolchain/bin/../lib/gcc/avr/5.4.0/avr5\libgcc.a(_copy_data.o)
 .text.libgcc.prologue
                0x00000000        0x0 d:/program files (x86)/atmel/studio/7.0/toolchain/avr8/avr8-gnu-toolchain/bin/../lib/gcc/avr/5.4.0/avr5\libgcc.a(_copy_data.o)
 .text.libgcc.builtins
                0x00000000        0x0 d:/program files (x86)/atmel/studio/7.0/toolchain/avr8/avr8-gnu-toolchain/bin/../lib/gcc/avr/5.4.0/avr5\libgcc.a(_copy_data.o)
 .text.libgcc.fmul
                0x00000000        0x0 d:/program files (x86)/atmel/studio/7.0/toolchain/avr8/avr8-gnu-toolchain/bin/../lib/gcc/avr/5.4.0/avr5\libgcc.a(_copy_data.o)
 .text.libgcc.fixed
                0x00000000        0x0 d:/program files (x86)/atmel/studio/7.0/toolchain/avr8/avr8-gnu-toolchain/bin/../lib/gcc/avr/5.4.0/avr5\libgcc.a(_copy_data.o)
 .text          0x00000000        0x0 d:/program files (x86)/atmel/studio/7.0/toolchain/avr8/avr8-gnu-toolchain/bin/../lib/gcc/avr/5.4.0/avr5\libgcc.a(_clear_bss.o)
 .data          0x00000000        0x0 d:/program files (x86)/atmel/studio/7.0/toolchain/avr8/avr8-gnu-toolchain/bin/../lib/gcc/avr/5.4.0/avr5\libgcc.a(_clear_bss.o)
 .bss           0x00000000        0x0 d:/program files (x86)/atmel/studio/7.0/toolchain/avr8/avr8-gnu-toolchain/bin/../lib/gcc/avr/5.4.0/avr5\libgcc.a(_clear_bss.o)
 .text.libgcc.mul
                0x00000000        0x0 d:/program files (x86)/atmel/studio/7.0/toolchain/avr8/avr8-gnu-toolchain/bin/../lib/gcc/avr/5.4.0/avr5\libgcc.a(_clear_bss.o)
 .text.libgcc.div
                0x00000000        0x0 d:/program files (x86)/atmel/studio/7.0/toolchain/avr8/avr8-gnu-toolchain/bin/../lib/gcc/avr/5.4.0/avr5\libgcc.a(_clear_bss.o)
 .text.libgcc   0x00000000        0x0 d:/program files (x86)/atmel/studio/7.0/toolchain/avr8/avr8-gnu-toolchain/bin/../lib/gcc/avr/5.4.0/avr5\libgcc.a(_clear_bss.o)
 .text.libgcc.prologue
                0x00000000        0x0 d:/program files (x86)/atmel/studio/7.0/toolchain/avr8/avr8-gnu-toolchain/bin/../lib/gcc/avr/5.4.0/avr5\libgcc.a(_clear_bss.o)
 .text.libgcc.builtins
                0x00000000        0x0 d:/program files (x86)/atmel/studio/7.0/toolchain/avr8/avr8-gnu-toolchain/bin/../lib/gcc/avr/5.4.0/avr5\libgcc.a(_clear_bss.o)
 .text.libgcc.fmul
                0x00000000        0x0 d:/program files (x86)/atmel/studio/7.0/toolchain/avr8/avr8-gnu-toolchain/bin/../lib/gcc/avr/5.4.0/avr5\libgcc.a(_clear_bss.o)
 .text.libgcc.fixed
                0x00000000        0x0 d:/program files (x86)/atmel/studio/7.0/toolchain/avr8/avr8-gnu-toolchain/bin/../lib/gcc/avr/5.4.0/avr5\libgcc.a(_clear_bss.o)
 .text          0x00000000        0x0 d:/program files (x86)/atmel/studio/7.0/toolchain/avr8/avr8-gnu-toolchain/bin/../lib/gcc/avr/5.4.0/avr5\libgcc.a(_udivmodhi4.o)
 .data          0x00000000        0x0 d:/program files (x86)/atmel/studio/7.0/toolchain/avr8/avr8-gnu-toolchain/bin/../lib/gcc/avr/5.4.0/avr5\libgcc.a(_udivmodhi4.o)
 .bss           0x00000000        0x0 d:/program files (x86)/atmel/studio/7.0/toolchain/avr8/avr8-gnu-toolchain/bin/../lib/gcc/avr/5.4.0/avr5\libgcc.a(_udivmodhi4.o)
 .text.libgcc.mul
                0x00000000        0x0 d:/program files (x86)/atmel/studio/7.0/toolchain/avr8/avr8-gnu-toolchain/bin/../lib/gcc/avr/5.4.0/avr5\libgcc.a(_udivmodhi4.o)
 .text.libgcc   0x00000000        0x0 d:/program files (x86)/atmel/studio/7.0/toolchain/avr8/avr8-gnu-toolchain/bin/../lib/gcc/avr/5.4.0/avr5\libgcc.a(_udivmodhi4.o)
 .text.libgcc.prologue
                0x00000000        0x0 d:/program files (x86)/atmel/studio/7.0/toolchain/avr8/avr8-gnu-toolchain/bin/../lib/gcc/avr/5.4.0/avr5\libgcc.a(_udivmodhi4.o)
 .text.libgcc.builtins
                0x00000000        0x0 d:/program files (x86)/atmel/studio/7.0/toolchain/avr8/avr8-gnu-toolchain/bin/../lib/gcc/avr/5.4.0/avr5\libgcc.a(_udivmodhi4.o)
 .text.libgcc.fmul
                0x00000000        0x0 d:/program files (x86)/atmel/studio/7.0/toolchain/avr8/avr8-gnu-toolchain/bin/../lib/gcc/avr/5.4.0/avr5\libgcc.a(_udivmodhi4.o)
 .text.libgcc.fixed
                0x00000000        0x0 d:/program files (x86)/atmel/studio/7.0/toolchain/avr8/avr8-gnu-toolchain/bin/../lib/gcc/avr/5.4.0/avr5\libgcc.a(_udivmodhi4.o)
 .text          0x00000000        0x0 d:/program files (x86)/atmel/studio/7.0/toolchain/avr8/avr8-gnu-toolchain/bin/../lib/gcc/avr/5.4.0/../../../../avr/lib/avr5\libc.a(memcpy.o)
 .data          0x00000000        0x0 d:/program files (x86)/atmel/studio/7.0/toolchain/avr8/avr8-gnu-toolchain/bin/../lib/gcc/avr/5.4.0/../../../../avr/lib/avr5\libc.a(memcpy.o)
 .bss           0x00000000        0x0 d:/program files (x86)/atmel/studio/7.0/toolchain/avr8/avr8-gnu-toolchain/bin/../lib/gcc/avr/5.4.0/../../../../avr/lib/avr5\libc.a(memcpy.o)
 .text          0x00000000        0x0 d:/program files (x86)/atmel/studio/7.0/toolchain/avr8/avr8-gnu-toolchain/bin/../lib/gcc/avr/5.4.0/../../../../avr/lib/avr5\libc.a(memset.o)
 .data          0x00000000        0x0 d:/program files (x86)/atmel/studio/7.0/toolchain/avr8/avr8-gnu-toolchain/bin/../lib/gcc/avr/5.4.0/../../../../avr/lib/avr5\libc.a(memset.o)
 .bss           0x00000000        0x0 d:/program files (x86)/atmel/studio/7.0/toolchain/avr8/avr8-gnu-toolchain/bin/../lib/gcc/avr/5.4.0/../../../../avr/lib/avr5\libc.a(memset.o)
 .text          0x00000000        0x0 d:/program files (x86)/atmel/studio/7.0/toolchain/avr8/avr8-gnu-toolchain/bin/../lib/gcc/avr/5.4.0/../../../../avr/lib/avr5\libc.a(strlen.o)
 .data          0x00000000        0x0 d:/program files (x86)/atmel/studio/7.0/toolchain/avr8/avr8-gnu-toolchain/bin/../lib/gcc/avr/5.4.0/../../../../avr/lib/avr5\libc.a(strlen.o)
 .bss           0x00000000        0x0 d:/program files (x86)/atmel/studio/7.0/toolchain/avr8/avr8-gnu-toolchain/bin/../lib/gcc/avr/5.4.0/../../../../avr/lib/avr5\libc.a(strlen.o)

Memory Configuration

Name             Origin             Length             Attributes
text             0x00000000         0x00020000         xr
data             0x00800060         0x0000ffa0         rw !x
eeprom           0x00810000         0x00010000         rw !x
fuse             0x00820000         0x00000003         rw !x
lock             0x00830000         0x00000400         rw !x
signature        0x00840000         0x00000400         rw !x
user_signatures  0x00850000         0x00000400         rw !x
*default*        0x00000000         0xffffffff

Linker script and memory map

Address of section .data set to 0x800100
LOAD D:/Program Files (x86)/Atmel/Studio/7.0/Packs/atmel/ATmega_DFP/1.2.132/gcc/dev/atmega324pa/avr5/crtatmega324pa.o
LOAD byteStuffing.o
LOAD game.o
LOAD joystick.o
LOAD main.o
LOAD protocol.o
LOAD serialcom.o
LOAD src/board/board.o
LOAD src/buffer/buffer.o
LOAD src/FreeRTOS/Source/croutine.o
LOAD src/FreeRTOS/Source/event_groups.o
LOAD src/FreeRTOS/Source/list.o
LOAD src/FreeRTOS/Source/portable/GCC/ATMega324/port.o
LOAD src/serial/serial.o
LOAD src/FreeRTOS/Source/portable/MemMang/heap_2.o
LOAD src/FreeRTOS/Source/queue.o
LOAD src/FreeRTOS/Source/tasks.o
LOAD src/FreeRTOS/Source/timers.o
START GROUP
LOAD d:/program files (x86)/atmel/studio/7.0/toolchain/avr8/avr8-gnu-toolchain/bin/../lib/gcc/avr/5.4.0/../../../../avr/lib/avr5\libm.a
END GROUP
START GROUP
LOAD d:/program files (x86)/atmel/studio/7.0/toolchain/avr8/avr8-gnu-toolchain/bin/../lib/gcc/avr/5.4.0/avr5\libgcc.a
LOAD d:/program files (x86)/atmel/studio/7.0/toolchain/avr8/avr8-gnu-toolchain/bin/../lib/gcc/avr/5.4.0/../../../../avr/lib/avr5\libm.a
LOAD d:/program files (x86)/atmel/studio/7.0/toolchain/avr8/avr8-gnu-toolchain/bin/../lib/gcc/avr/5.4.0/../../../../avr/lib/avr5\libc.a
LOAD D:/Program Files (x86)/Atmel/Studio/7.0/Packs/atmel/ATmega_DFP/1.2.132/gcc/dev/atmega324pa/avr5\libatmega324pa.a
END GROUP
                0x00020000                __TEXT_REGION_LENGTH__ = DEFINED (__TEXT_REGION_LENGTH__)?__TEXT_REGION_LENGTH__:0x20000
                0x0000ffa0                __DATA_REGION_LENGTH__ = DEFINED (__DATA_REGION_LENGTH__)?__DATA_REGION_LENGTH__:0xffa0
                0x00010000                __EEPROM_REGION_LENGTH__ = DEFINED (__EEPROM_REGION_LENGTH__)?__EEPROM_REGION_LENGTH__:0x10000
                [0x00000003]                __FUSE_REGION_LENGTH__ = DEFINED (__FUSE_REGION_LENGTH__)?__FUSE_REGION_LENGTH__:0x400
                0x00000400                __LOCK_REGION_LENGTH__ = DEFINED (__LOCK_REGION_LENGTH__)?__LOCK_REGION_LENGTH__:0x400
                0x00000400                __SIGNATURE_REGION_LENGTH__ = DEFINED (__SIGNATURE_REGION_LENGTH__)?__SIGNATURE_REGION_LENGTH__:0x400
                0x00000400                __USER_SIGNATURE_REGION_LENGTH__ = DEFINED (__USER_SIGNATURE_REGION_LENGTH__)?__USER_SIGNATURE_REGION_LENGTH__:0x400

.hash
 *(.hash)

.dynsym
 *(.dynsym)

.dynstr
 *(.dynstr)

.gnu.version
 *(.gnu.version)

.gnu.version_d
 *(.gnu.version_d)

.gnu.version_r
 *(.gnu.version_r)

.rel.init
 *(.rel.init)

.rela.init
 *(.rela.init)

.rel.text
 *(.rel.text)
 *(.rel.text.*)
 *(.rel.gnu.linkonce.t*)

.rela.text
 *(.rela.text)
 *(.rela.text.*)
 *(.rela.gnu.linkonce.t*)

.rel.fini
 *(.rel.fini)

.rela.fini
 *(.rela.fini)

.rel.rodata
 *(.rel.rodata)
 *(.rel.rodata.*)
 *(.rel.gnu.linkonce.r*)

.rela.rodata
 *(.rela.rodata)
 *(.rela.rodata.*)
 *(.rela.gnu.linkonce.r*)

.rel.data
 *(.rel.data)
 *(.rel.data.*)
 *(.rel.gnu.linkonce.d*)

.rela.data
 *(.rela.data)
 *(.rela.data.*)
 *(.rela.gnu.linkonce.d*)

.rel.ctors
 *(.rel.ctors)

.rela.ctors
 *(.rela.ctors)

.rel.dtors
 *(.rel.dtors)

.rela.dtors
 *(.rela.dtors)

.rel.got
 *(.rel.got)

.rela.got
 *(.rela.got)

.rel.bss
 *(.rel.bss)

.rela.bss
 *(.rela.bss)

.rel.plt
 *(.rel.plt)

.rela.plt
 *(.rela.plt)

.text           0x00000000     0x50c2
 *(.vectors)
 .vectors       0x00000000       0x7c D:/Program Files (x86)/Atmel/Studio/7.0/Packs/atmel/ATmega_DFP/1.2.132/gcc/dev/atmega324pa/avr5/crtatmega324pa.o
                0x00000000                __vector_default
                0x00000000                __vectors
 *(.vectors)
 *(.progmem.gcc*)
                0x0000007c                . = ALIGN (0x2)
                0x0000007c                __trampolines_start = .
 *(.trampolines)
 .trampolines   0x0000007c        0x0 linker stubs
 *(.trampolines*)
                0x0000007c                __trampolines_end = .
 *libprintf_flt.a:*(.progmem.data)
 *libc.a:*(.progmem.data)
 *(.progmem*)
                0x0000007c                . = ALIGN (0x2)
 *(.jumptables)
 *(.jumptables*)
 *(.lowtext)
 *(.lowtext*)
                0x0000007c                __ctors_start = .
 *(.ctors)
                0x0000007c                __ctors_end = .
                0x0000007c                __dtors_start = .
 *(.dtors)
                0x0000007c                __dtors_end = .
 SORT(*)(.ctors)
 SORT(*)(.dtors)
 *(.init0)
 .init0         0x0000007c        0x0 D:/Program Files (x86)/Atmel/Studio/7.0/Packs/atmel/ATmega_DFP/1.2.132/gcc/dev/atmega324pa/avr5/crtatmega324pa.o
                0x0000007c                __init
 *(.init0)
 *(.init1)
 *(.init1)
 *(.init2)
 .init2         0x0000007c        0xc D:/Program Files (x86)/Atmel/Studio/7.0/Packs/atmel/ATmega_DFP/1.2.132/gcc/dev/atmega324pa/avr5/crtatmega324pa.o
 *(.init2)
 *(.init3)
 *(.init3)
 *(.init4)
 .init4         0x00000088       0x16 d:/program files (x86)/atmel/studio/7.0/toolchain/avr8/avr8-gnu-toolchain/bin/../lib/gcc/avr/5.4.0/avr5\libgcc.a(_copy_data.o)
                0x00000088                __do_copy_data
 .init4         0x0000009e       0x10 d:/program files (x86)/atmel/studio/7.0/toolchain/avr8/avr8-gnu-toolchain/bin/../lib/gcc/avr/5.4.0/avr5\libgcc.a(_clear_bss.o)
                0x0000009e                __do_clear_bss
 *(.init4)
 *(.init5)
 *(.init5)
 *(.init6)
 *(.init6)
 *(.init7)
 *(.init7)
 *(.init8)
 *(.init8)
 *(.init9)
 .init9         0x000000ae        0x8 D:/Program Files (x86)/Atmel/Studio/7.0/Packs/atmel/ATmega_DFP/1.2.132/gcc/dev/atmega324pa/avr5/crtatmega324pa.o
 *(.init9)
 *(.text)
 .text          0x000000b6        0x4 D:/Program Files (x86)/Atmel/Studio/7.0/Packs/atmel/ATmega_DFP/1.2.132/gcc/dev/atmega324pa/avr5/crtatmega324pa.o
                0x000000b6                __vector_22
                0x000000b6                __vector_1
                0x000000b6                __vector_24
                0x000000b6                __vector_12
                0x000000b6                __bad_interrupt
                0x000000b6                __vector_6
                0x000000b6                __vector_3
                0x000000b6                __vector_23
                0x000000b6                __vector_30
                0x000000b6                __vector_25
                0x000000b6                __vector_11
                0x000000b6                __vector_17
                0x000000b6                __vector_19
                0x000000b6                __vector_7
                0x000000b6                __vector_27
                0x000000b6                __vector_5
                0x000000b6                __vector_4
                0x000000b6                __vector_9
                0x000000b6                __vector_2
                0x000000b6                __vector_15
                0x000000b6                __vector_8
                0x000000b6                __vector_26
                0x000000b6                __vector_14
                0x000000b6                __vector_10
                0x000000b6                __vector_18
                0x000000ba                . = ALIGN (0x2)
 *(.text.*)
 .text.byte_stuff
                0x000000ba      0x160 byteStuffing.o
                0x000000ba                byte_stuff
 .text.byte_unstuff
                0x0000021a      0x100 byteStuffing.o
                0x0000021a                byte_unstuff
 .text.bat_move
                0x0000031a      0x1f4 game.o
                0x0000031a                bat_move
 .text.restart_game
                0x0000050e       0x46 game.o
                0x0000050e                restart_game
 .text.end_game
                0x00000554       0x14 game.o
                0x00000554                end_game
 .text.xy_to_pixel_id
                0x00000568       0x2a game.o
                0x00000568                xy_to_pixel_id
 .text.com_send_string
                0x00000592       0x30 game.o
                0x00000592                com_send_string
 .text.game_renderer_task
                0x000005c2      0x47e game.o
                0x000005c2                game_renderer_task
 .text.move_ball
                0x00000a40       0xf0 game.o
                0x00000a40                move_ball
 .text.bat_new_instance
                0x00000b30       0x3a game.o
                0x00000b30                bat_new_instance
 .text.init_game
                0x00000b6a       0xce game.o
                0x00000b6a                init_game
 .text.clear_screen
                0x00000c38       0x46 game.o
                0x00000c38                clear_screen
 .text.y_offset
                0x00000c7e       0x26 game.o
                0x00000c7e                y_offset
 .text.x_offset
                0x00000ca4       0x3e game.o
                0x00000ca4                x_offset
 .text.draw_game
                0x00000ce2      0x17e game.o
                0x00000ce2                draw_game
 .text.draw_scores
                0x00000e60      0x354 game.o
                0x00000e60                draw_scores
 .text.read_joystick
                0x000011b4       0x32 joystick.o
                0x000011b4                read_joystick
 .text.joystick_task
                0x000011e6       0x6a joystick.o
                0x000011e6                joystick_task
 .text.vApplicationIdleHook
                0x00001250       0x10 main.o
                0x00001250                vApplicationIdleHook
 .text.prepare_shiftregister
                0x00001260       0x22 main.o
                0x00001260                prepare_shiftregister
 .text.clock_shift_register_and_prepare_for_next_col
                0x00001282       0x6a main.o
                0x00001282                clock_shift_register_and_prepare_for_next_col
 .text.load_col_value
                0x000012ec       0x56 main.o
                0x000012ec                load_col_value
 .text.handle_display
                0x00001342       0x50 main.o
                0x00001342                handle_display
 .text.vApplicationStackOverflowHook
                0x00001392       0x24 main.o
                0x00001392                vApplicationStackOverflowHook
 .text.vApplicationMallocFailedHook
                0x000013b6       0x10 main.o
                0x000013b6                vApplicationMallocFailedHook
 .text.main     0x000013c6       0x8e main.o
                0x000013c6                main
 .text.compute_crc8
                0x00001454       0x88 protocol.o
                0x00001454                compute_crc8
 .text.unpack_data_frame
                0x000014dc       0xbc protocol.o
                0x000014dc                unpack_data_frame
 .text.get_data_frame
                0x00001598      0x152 protocol.o
                0x00001598                get_data_frame
 .text.get_acknowledge_frame
                0x000016ea       0xb4 protocol.o
                0x000016ea                get_acknowledge_frame
 .text.is_start_of_frame
                0x0000179e       0x1e protocol.o
                0x0000179e                is_start_of_frame
 .text.is_CRC_valid
                0x000017bc       0x32 protocol.o
                0x000017bc                is_CRC_valid
 .text.get_frame_size
                0x000017ee       0x54 protocol.o
                0x000017ee                get_frame_size
 .text.is_ack_frame
                0x00001842       0x4c protocol.o
                0x00001842                is_ack_frame
 .text.get_frame_from_queue
                0x0000188e      0x12a protocol.o
                0x0000188e                get_frame_from_queue
 .text.serial_com_task
                0x000019b8      0x20e serialcom.o
                0x000019b8                serial_com_task
 .text.send_current_frame
                0x00001bc6       0x6a serialcom.o
                0x00001bc6                send_current_frame
 .text.count_illegal_chars
                0x00001c30       0x62 serialcom.o
                0x00001c30                count_illegal_chars
 .text.send_bytes
                0x00001c92      0x10e serialcom.o
                0x00001c92                send_bytes
 .text.handle_serial_input
                0x00001da0       0x50 serialcom.o
                0x00001da0                handle_serial_input
 .text._com_call_back
                0x00001df0       0x54 src/board/board.o
 .text.init_com
                0x00001e44       0x26 src/board/board.o
                0x00001e44                init_com
 .text.init_display_timer
                0x00001e6a       0x66 src/board/board.o
                0x00001e6a                init_display_timer
 .text.__vector_16
                0x00001ed0       0x6e src/board/board.o
                0x00001ed0                __vector_16
 .text.com_send_byte
                0x00001f3e       0x22 src/board/board.o
                0x00001f3e                com_send_byte
 .text.init_board
                0x00001f60      0x122 src/board/board.o
                0x00001f60                init_board
 .text.switch_in
                0x00002082       0x4a src/board/board.o
                0x00002082                switch_in
 .text.switch_out
                0x000020cc       0x28 src/board/board.o
                0x000020cc                switch_out
 .text.buffer_init
                0x000020f4       0x32 src/buffer/buffer.o
                0x000020f4                buffer_init
 .text.buffer_get_item
                0x00002126       0x90 src/buffer/buffer.o
                0x00002126                buffer_get_item
 .text.buffer_put_item
                0x000021b6       0x86 src/buffer/buffer.o
                0x000021b6                buffer_put_item
 .text.vListInitialise
                0x0000223c       0x6c src/FreeRTOS/Source/list.o
                0x0000223c                vListInitialise
 .text.vListInitialiseItem
                0x000022a8       0x24 src/FreeRTOS/Source/list.o
                0x000022a8                vListInitialiseItem
 .text.vListInsertEnd
                0x000022cc       0x9e src/FreeRTOS/Source/list.o
                0x000022cc                vListInsertEnd
 .text.vListInsert
                0x0000236a       0xf0 src/FreeRTOS/Source/list.o
                0x0000236a                vListInsert
 .text.uxListRemove
                0x0000245a       0xae src/FreeRTOS/Source/list.o
                0x0000245a                uxListRemove
 .text.pxPortInitialiseStack
                0x00002508      0x352 src/FreeRTOS/Source/portable/GCC/ATMega324/port.o
                0x00002508                pxPortInitialiseStack
 .text.xPortStartScheduler
                0x0000285a       0x6a src/FreeRTOS/Source/portable/GCC/ATMega324/port.o
                0x0000285a                xPortStartScheduler
 .text.vPortYield
                0x000028c4       0xb4 src/FreeRTOS/Source/portable/GCC/ATMega324/port.o
                0x000028c4                vPortYield
 .text.vPortYieldFromTick
                0x00002978       0xbc src/FreeRTOS/Source/portable/GCC/ATMega324/port.o
                0x00002978                vPortYieldFromTick
 .text.prvSetupTimerInterrupt
                0x00002a34       0xc4 src/FreeRTOS/Source/portable/GCC/ATMega324/port.o
 .text.__vector_13
                0x00002af8        0x8 src/FreeRTOS/Source/portable/GCC/ATMega324/port.o
                0x00002af8                __vector_13
 .text._serial_tx_int_on
                0x00002b00       0x32 src/serial/serial.o
 .text.serial_new_instance
                0x00002b32      0x182 src/serial/serial.o
                0x00002b32                serial_new_instance
 .text.serial_send_byte
                0x00002cb4       0x54 src/serial/serial.o
                0x00002cb4                serial_send_byte
 .text.__vector_20
                0x00002d08       0xb2 src/serial/serial.o
                0x00002d08                __vector_20
 .text.__vector_21
                0x00002dba       0xb6 src/serial/serial.o
                0x00002dba                __vector_21
 .text.__vector_28
                0x00002e70       0xb2 src/serial/serial.o
                0x00002e70                __vector_28
 .text.__vector_29
                0x00002f22       0xb6 src/serial/serial.o
                0x00002f22                __vector_29
 .text.pvPortMalloc
                0x00002fd8      0x1ea src/FreeRTOS/Source/portable/MemMang/heap_2.o
                0x00002fd8                pvPortMalloc
 .text.vPortFree
                0x000031c2       0xe4 src/FreeRTOS/Source/portable/MemMang/heap_2.o
                0x000031c2                vPortFree
 .text.prvHeapInit
                0x000032a6       0x70 src/FreeRTOS/Source/portable/MemMang/heap_2.o
 .text.xQueueGenericReset
                0x00003316      0x128 src/FreeRTOS/Source/queue.o
                0x00003316                xQueueGenericReset
 .text.xQueueGenericCreate
                0x0000343e       0x98 src/FreeRTOS/Source/queue.o
                0x0000343e                xQueueGenericCreate
 .text.prvInitialiseNewQueue
                0x000034d6       0x8a src/FreeRTOS/Source/queue.o
 .text.prvInitialiseMutex
                0x00003560       0x50 src/FreeRTOS/Source/queue.o
 .text.xQueueCreateMutex
                0x000035b0       0x40 src/FreeRTOS/Source/queue.o
                0x000035b0                xQueueCreateMutex
 .text.xQueueGenericSend
                0x000035f0      0x162 src/FreeRTOS/Source/queue.o
                0x000035f0                xQueueGenericSend
 .text.xQueueGenericSendFromISR
                0x00003752       0xbe src/FreeRTOS/Source/queue.o
                0x00003752                xQueueGenericSendFromISR
 .text.xQueueGenericReceive
                0x00003810      0x1ec src/FreeRTOS/Source/queue.o
                0x00003810                xQueueGenericReceive
 .text.uxQueueSpacesAvailable
                0x000039fc       0x4e src/FreeRTOS/Source/queue.o
                0x000039fc                uxQueueSpacesAvailable
 .text.prvCopyDataToQueue
                0x00003a4a      0x1a0 src/FreeRTOS/Source/queue.o
 .text.prvCopyDataFromQueue
                0x00003bea       0xa2 src/FreeRTOS/Source/queue.o
 .text.prvUnlockQueue
                0x00003c8c       0xbc src/FreeRTOS/Source/queue.o
 .text.prvIsQueueEmpty
                0x00003d48       0x3c src/FreeRTOS/Source/queue.o
 .text.prvIsQueueFull
                0x00003d84       0x44 src/FreeRTOS/Source/queue.o
 .text.xTaskCreate
                0x00003dc8       0xfa src/FreeRTOS/Source/tasks.o
                0x00003dc8                xTaskCreate
 .text.prvInitialiseNewTask
                0x00003ec2      0x1b8 src/FreeRTOS/Source/tasks.o
 .text.prvAddNewTaskToReadyList
                0x0000407a      0x108 src/FreeRTOS/Source/tasks.o
 .text.vTaskDelayUntil
                0x00004182       0xf4 src/FreeRTOS/Source/tasks.o
                0x00004182                vTaskDelayUntil
 .text.vTaskDelay
                0x00004276       0x46 src/FreeRTOS/Source/tasks.o
                0x00004276                vTaskDelay
 .text.vTaskStartScheduler
                0x000042bc       0x6a src/FreeRTOS/Source/tasks.o
                0x000042bc                vTaskStartScheduler
 .text.vTaskSuspendAll
                0x00004326       0x1a src/FreeRTOS/Source/tasks.o
                0x00004326                vTaskSuspendAll
 .text.xTaskResumeAll
                0x00004340      0x12e src/FreeRTOS/Source/tasks.o
                0x00004340                xTaskResumeAll
 .text.xTaskGetTickCount
                0x0000446e       0x2e src/FreeRTOS/Source/tasks.o
                0x0000446e                xTaskGetTickCount
 .text.xTaskIncrementTick
                0x0000449c      0x1da src/FreeRTOS/Source/tasks.o
                0x0000449c                xTaskIncrementTick
 .text.vTaskSetApplicationTaskTag
                0x00004676       0x60 src/FreeRTOS/Source/tasks.o
                0x00004676                vTaskSetApplicationTaskTag
 .text.vTaskSwitchContext
                0x000046d6      0x14a src/FreeRTOS/Source/tasks.o
                0x000046d6                vTaskSwitchContext
 .text.vTaskPlaceOnEventList
                0x00004820       0x46 src/FreeRTOS/Source/tasks.o
                0x00004820                vTaskPlaceOnEventList
 .text.xTaskRemoveFromEventList
                0x00004866       0xda src/FreeRTOS/Source/tasks.o
                0x00004866                xTaskRemoveFromEventList
 .text.vTaskSetTimeOutState
                0x00004940       0x38 src/FreeRTOS/Source/tasks.o
                0x00004940                vTaskSetTimeOutState
 .text.xTaskCheckForTimeOut
                0x00004978       0xd0 src/FreeRTOS/Source/tasks.o
                0x00004978                xTaskCheckForTimeOut
 .text.vTaskMissedYield
                0x00004a48       0x16 src/FreeRTOS/Source/tasks.o
                0x00004a48                vTaskMissedYield
 .text.prvIdleTask
                0x00004a5e       0x24 src/FreeRTOS/Source/tasks.o
 .text.prvInitialiseTaskLists
                0x00004a82       0x7c src/FreeRTOS/Source/tasks.o
 .text.prvCheckTasksWaitingTermination
                0x00004afe       0x82 src/FreeRTOS/Source/tasks.o
 .text.prvTaskCheckFreeStackSpace
                0x00004b80       0x5e src/FreeRTOS/Source/tasks.o
 .text.uxTaskGetStackHighWaterMark
                0x00004bde       0x5e src/FreeRTOS/Source/tasks.o
                0x00004bde                uxTaskGetStackHighWaterMark
 .text.prvDeleteTCB
                0x00004c3c       0x30 src/FreeRTOS/Source/tasks.o
 .text.prvResetNextTaskUnblockTime
                0x00004c6c       0x5e src/FreeRTOS/Source/tasks.o
 .text.vTaskPriorityInherit
                0x00004cca      0x130 src/FreeRTOS/Source/tasks.o
                0x00004cca                vTaskPriorityInherit
 .text.xTaskPriorityDisinherit
                0x00004dfa       0xfa src/FreeRTOS/Source/tasks.o
                0x00004dfa                xTaskPriorityDisinherit
 .text.pvTaskIncrementMutexHeldCount
                0x00004ef4       0x34 src/FreeRTOS/Source/tasks.o
                0x00004ef4                pvTaskIncrementMutexHeldCount
 .text.prvAddCurrentTaskToDelayedList
                0x00004f28       0xd0 src/FreeRTOS/Source/tasks.o
 .text.libgcc.div
                0x00004ff8       0x28 d:/program files (x86)/atmel/studio/7.0/toolchain/avr8/avr8-gnu-toolchain/bin/../lib/gcc/avr/5.4.0/avr5\libgcc.a(_divmodhi4.o)
                0x00004ff8                _div
                0x00004ff8                __divmodhi4
 .text.libgcc.div
                0x00005020       0x44 d:/program files (x86)/atmel/studio/7.0/toolchain/avr8/avr8-gnu-toolchain/bin/../lib/gcc/avr/5.4.0/avr5\libgcc.a(_udivmodsi4.o)
                0x00005020                __udivmodsi4
 .text.libgcc.div
                0x00005064       0x28 d:/program files (x86)/atmel/studio/7.0/toolchain/avr8/avr8-gnu-toolchain/bin/../lib/gcc/avr/5.4.0/avr5\libgcc.a(_udivmodhi4.o)
                0x00005064                __udivmodhi4
 .text.avr-libc
                0x0000508c       0x12 d:/program files (x86)/atmel/studio/7.0/toolchain/avr8/avr8-gnu-toolchain/bin/../lib/gcc/avr/5.4.0/../../../../avr/lib/avr5\libc.a(memcpy.o)
                0x0000508c                memcpy
 .text.avr-libc
                0x0000509e        0xe d:/program files (x86)/atmel/studio/7.0/toolchain/avr8/avr8-gnu-toolchain/bin/../lib/gcc/avr/5.4.0/../../../../avr/lib/avr5\libc.a(memset.o)
                0x0000509e                memset
 .text.avr-libc
                0x000050ac       0x12 d:/program files (x86)/atmel/studio/7.0/toolchain/avr8/avr8-gnu-toolchain/bin/../lib/gcc/avr/5.4.0/../../../../avr/lib/avr5\libc.a(strlen.o)
                0x000050ac                strlen
                0x000050be                . = ALIGN (0x2)
 *(.fini9)
 .fini9         0x000050be        0x0 d:/program files (x86)/atmel/studio/7.0/toolchain/avr8/avr8-gnu-toolchain/bin/../lib/gcc/avr/5.4.0/avr5\libgcc.a(_exit.o)
                0x000050be                _exit
                0x000050be                exit
 *(.fini9)
 *(.fini8)
 *(.fini8)
 *(.fini7)
 *(.fini7)
 *(.fini6)
 *(.fini6)
 *(.fini5)
 *(.fini5)
 *(.fini4)
 *(.fini4)
 *(.fini3)
 *(.fini3)
 *(.fini2)
 *(.fini2)
 *(.fini1)
 *(.fini1)
 *(.fini0)
 .fini0         0x000050be        0x4 d:/program files (x86)/atmel/studio/7.0/toolchain/avr8/avr8-gnu-toolchain/bin/../lib/gcc/avr/5.4.0/avr5\libgcc.a(_exit.o)
 *(.fini0)
                0x000050c2                _etext = .

.data           0x00800100       0x98 load address 0x000050c2
                0x00800100                PROVIDE (__data_start, .)
 *(.data)
 *(.data*)
 .data.ball_location
                0x00800100        0x1 game.o
 .data.dir      0x00800101        0x2 game.o
                0x00800101                dir
 .data.frame_buf
                0x00800103       0x1c main.o
                0x00800103                frame_buf
 .data.RTS      0x0080011f        0x1 serialcom.o
 .data._com_port_2_udr
                0x00800120        0x4 src/serial/serial.o
                0x00800120                _com_port_2_udr
 .data.xFreeBytesRemaining
                0x00800124        0x2 src/FreeRTOS/Source/portable/MemMang/heap_2.o
 *(.rodata)
 .rodata        0x00800126       0x4f game.o
 .rodata        0x00800175       0x1e main.o
 .rodata        0x00800193        0x5 src/FreeRTOS/Source/tasks.o
 *(.rodata*)
 *(.gnu.linkonce.d*)
                0x00800198                . = ALIGN (0x2)
                0x00800198                _edata = .
                0x00800198                PROVIDE (__data_end, .)

.bss            0x00800198      0x6ad
                0x00800198                PROVIDE (__bss_start, .)
 *(.bss)
 *(.bss*)
 .bss.bats      0x00800198        0x4 game.o
 .bss.run_game  0x0080019c        0x1 game.o
 .bss.scoreone  0x0080019d        0x2 game.o
                0x0080019d                scoreone
 .bss.scoretwo  0x0080019f        0x2 game.o
                0x0080019f                scoretwo
 .bss.z         0x008001a1        0x2 game.o
                0x008001a1                z
 .bss.up        0x008001a3        0x2 game.o
                0x008001a3                up
 .bss.timer     0x008001a5        0x2 game.o
                0x008001a5                timer
 .bss.score     0x008001a7        0x1 game.o
                0x008001a7                score
 .bss.col.2142  0x008001a8        0x1 main.o
 .bss._x_com_received_chars_queue
                0x008001a9        0x2 serialcom.o
 .bss.com_send_frame_buffer
                0x008001ab        0x2 serialcom.o
 .bss.com_send_queue_add_mutex
                0x008001ad        0x2 serialcom.o
 .bss.last_sent_frame
                0x008001af       0x64 serialcom.o
 .bss.last_sent_frame_size
                0x00800213        0x1 serialcom.o
 .bss.last_frame_time
                0x00800214        0x2 serialcom.o
 .bss.ack_timeouts
                0x00800216        0x1 serialcom.o
 .bss._com_serial_instance
                0x00800217        0x2 src/board/board.o
 .bss._x_rx_com_queue
                0x00800219        0x2 src/board/board.o
 .bss.cb_ptr    0x0080021b        0x2 src/board/board.o
 .bss._com_rx_buffer.2133
                0x0080021d       0x23 src/board/board.o
 .bss._com_tx_buffer.2134
                0x00800240       0x23 src/board/board.o
 .bss._ser_handle
                0x00800263        0x4 src/serial/serial.o
 .bss.ucHeap    0x00800267      0x578 src/FreeRTOS/Source/portable/MemMang/heap_2.o
 .bss.xStart    0x008007df        0x4 src/FreeRTOS/Source/portable/MemMang/heap_2.o
 .bss.xEnd      0x008007e3        0x4 src/FreeRTOS/Source/portable/MemMang/heap_2.o
 .bss.xHeapHasBeenInitialised.2095
                0x008007e7        0x1 src/FreeRTOS/Source/portable/MemMang/heap_2.o
 .bss.pxCurrentTCB
                0x008007e8        0x2 src/FreeRTOS/Source/tasks.o
                0x008007e8                pxCurrentTCB
 .bss.pxReadyTasksLists
                0x008007ea       0x24 src/FreeRTOS/Source/tasks.o
 .bss.xDelayedTaskList1
                0x0080080e        0x9 src/FreeRTOS/Source/tasks.o
 .bss.xDelayedTaskList2
                0x00800817        0x9 src/FreeRTOS/Source/tasks.o
 .bss.pxDelayedTaskList
                0x00800820        0x2 src/FreeRTOS/Source/tasks.o
 .bss.pxOverflowDelayedTaskList
                0x00800822        0x2 src/FreeRTOS/Source/tasks.o
 .bss.xPendingReadyList
                0x00800824        0x9 src/FreeRTOS/Source/tasks.o
 .bss.xTasksWaitingTermination
                0x0080082d        0x9 src/FreeRTOS/Source/tasks.o
 .bss.uxDeletedTasksWaitingCleanUp
                0x00800836        0x1 src/FreeRTOS/Source/tasks.o
 .bss.uxCurrentNumberOfTasks
                0x00800837        0x1 src/FreeRTOS/Source/tasks.o
 .bss.xTickCount
                0x00800838        0x2 src/FreeRTOS/Source/tasks.o
 .bss.uxTopReadyPriority
                0x0080083a        0x1 src/FreeRTOS/Source/tasks.o
 .bss.xSchedulerRunning
                0x0080083b        0x1 src/FreeRTOS/Source/tasks.o
 .bss.uxPendedTicks
                0x0080083c        0x1 src/FreeRTOS/Source/tasks.o
 .bss.xYieldPending
                0x0080083d        0x1 src/FreeRTOS/Source/tasks.o
 .bss.xNumOfOverflows
                0x0080083e        0x1 src/FreeRTOS/Source/tasks.o
 .bss.uxTaskNumber
                0x0080083f        0x1 src/FreeRTOS/Source/tasks.o
 .bss.xNextTaskUnblockTime
                0x00800840        0x2 src/FreeRTOS/Source/tasks.o
 .bss.xIdleTaskHandle
                0x00800842        0x2 src/FreeRTOS/Source/tasks.o
 .bss.uxSchedulerSuspended
                0x00800844        0x1 src/FreeRTOS/Source/tasks.o
 *(COMMON)
                0x00800845                PROVIDE (__bss_end, .)
                0x000050c2                __data_load_start = LOADADDR (.data)
                0x0000515a                __data_load_end = (__data_load_start + SIZEOF (.data))

.noinit         0x00800845        0x0
                [!provide]                PROVIDE (__noinit_start, .)
 *(.noinit*)
                [!provide]                PROVIDE (__noinit_end, .)
                0x00800845                _end = .
                [!provide]                PROVIDE (__heap_start, .)

.eeprom         0x00810000        0x0
 *(.eeprom*)
                0x00810000                __eeprom_end = .

.fuse
 *(.fuse)
 *(.lfuse)
 *(.hfuse)
 *(.efuse)

.lock
 *(.lock*)

.signature
 *(.signature*)

.user_signatures
 *(.user_signatures*)

.stab
 *(.stab)

.stabstr
 *(.stabstr)

.stab.excl
 *(.stab.excl)

.stab.exclstr
 *(.stab.exclstr)

.stab.index
 *(.stab.index)

.stab.indexstr
 *(.stab.indexstr)

.comment        0x00000000       0x30
 *(.comment)
 .comment       0x00000000       0x30 byteStuffing.o
                                 0x31 (size before relaxing)
 .comment       0x00000030       0x31 game.o
 .comment       0x00000030       0x31 joystick.o
 .comment       0x00000030       0x31 main.o
 .comment       0x00000030       0x31 protocol.o
 .comment       0x00000030       0x31 serialcom.o
 .comment       0x00000030       0x31 src/board/board.o
 .comment       0x00000030       0x31 src/buffer/buffer.o
 .comment       0x00000030       0x31 src/FreeRTOS/Source/list.o
 .comment       0x00000030       0x31 src/FreeRTOS/Source/portable/GCC/ATMega324/port.o
 .comment       0x00000030       0x31 src/serial/serial.o
 .comment       0x00000030       0x31 src/FreeRTOS/Source/portable/MemMang/heap_2.o
 .comment       0x00000030       0x31 src/FreeRTOS/Source/queue.o
 .comment       0x00000030       0x31 src/FreeRTOS/Source/tasks.o

.note.gnu.avr.deviceinfo
                0x00000000       0x40
 .note.gnu.avr.deviceinfo
                0x00000000       0x40 D:/Program Files (x86)/Atmel/Studio/7.0/Packs/atmel/ATmega_DFP/1.2.132/gcc/dev/atmega324pa/avr5/crtatmega324pa.o

.note.gnu.build-id
 *(.note.gnu.build-id)

.debug
 *(.debug)

.line
 *(.line)

.debug_srcinfo
 *(.debug_srcinfo)

.debug_sfnames
 *(.debug_sfnames)

.debug_aranges  0x00000000      0x660
 *(.debug_aranges)
 .debug_aranges
                0x00000000       0x28 byteStuffing.o
 .debug_aranges
                0x00000028       0x98 game.o
 .debug_aranges
                0x000000c0       0x28 joystick.o
 .debug_aranges
                0x000000e8       0x58 main.o
 .debug_aranges
                0x00000140       0x60 protocol.o
 .debug_aranges
                0x000001a0       0x40 serialcom.o
 .debug_aranges
                0x000001e0       0x60 src/board/board.o
 .debug_aranges
                0x00000240       0x48 src/buffer/buffer.o
 .debug_aranges
                0x00000288       0x40 src/FreeRTOS/Source/list.o
 .debug_aranges
                0x000002c8       0x50 src/FreeRTOS/Source/portable/GCC/ATMega324/port.o
 .debug_aranges
                0x00000318       0x58 src/serial/serial.o
 .debug_aranges
                0x00000370       0x40 src/FreeRTOS/Source/portable/MemMang/heap_2.o
 .debug_aranges
                0x000003b0      0x100 src/FreeRTOS/Source/queue.o
 .debug_aranges
                0x000004b0      0x1b0 src/FreeRTOS/Source/tasks.o

.debug_pubnames
 *(.debug_pubnames)

.debug_info     0x00000000     0x50f8
 *(.debug_info .gnu.linkonce.wi.*)
 .debug_info    0x00000000      0x6cc D:/Program Files (x86)/Atmel/Studio/7.0/Packs/atmel/ATmega_DFP/1.2.132/gcc/dev/atmega324pa/avr5/crtatmega324pa.o
 .debug_info    0x000006cc      0x17c byteStuffing.o
 .debug_info    0x00000848      0x726 game.o
 .debug_info    0x00000f6e      0x136 joystick.o
 .debug_info    0x000010a4      0x1f9 main.o
 .debug_info    0x0000129d      0x402 protocol.o
 .debug_info    0x0000169f      0x472 serialcom.o
 .debug_info    0x00001b11      0x390 src/board/board.o
 .debug_info    0x00001ea1      0x1fe src/buffer/buffer.o
 .debug_info    0x0000209f      0x2b0 src/FreeRTOS/Source/list.o
 .debug_info    0x0000234f      0x1ed src/FreeRTOS/Source/portable/GCC/ATMega324/port.o
 .debug_info    0x0000253c      0x484 src/serial/serial.o
 .debug_info    0x000029c0      0x2da src/FreeRTOS/Source/portable/MemMang/heap_2.o
 .debug_info    0x00002c9a      0xdd1 src/FreeRTOS/Source/queue.o
 .debug_info    0x00003a6b     0x168d src/FreeRTOS/Source/tasks.o

.debug_abbrev   0x00000000     0x1857
 *(.debug_abbrev)
 .debug_abbrev  0x00000000      0x66e D:/Program Files (x86)/Atmel/Studio/7.0/Packs/atmel/ATmega_DFP/1.2.132/gcc/dev/atmega324pa/avr5/crtatmega324pa.o
 .debug_abbrev  0x0000066e       0x9d byteStuffing.o
 .debug_abbrev  0x0000070b      0x24f game.o
 .debug_abbrev  0x0000095a       0xd8 joystick.o
 .debug_abbrev  0x00000a32      0x108 main.o
 .debug_abbrev  0x00000b3a      0x106 protocol.o
 .debug_abbrev  0x00000c40      0x157 serialcom.o
 .debug_abbrev  0x00000d97      0x157 src/board/board.o
 .debug_abbrev  0x00000eee       0xcf src/buffer/buffer.o
 .debug_abbrev  0x00000fbd       0xc0 src/FreeRTOS/Source/list.o
 .debug_abbrev  0x0000107d      0x104 src/FreeRTOS/Source/portable/GCC/ATMega324/port.o
 .debug_abbrev  0x00001181      0x15d src/serial/serial.o
 .debug_abbrev  0x000012de      0x170 src/FreeRTOS/Source/portable/MemMang/heap_2.o
 .debug_abbrev  0x0000144e      0x1a7 src/FreeRTOS/Source/queue.o
 .debug_abbrev  0x000015f5      0x262 src/FreeRTOS/Source/tasks.o

.debug_line     0x00000000     0x4796
 *(.debug_line .debug_line.* .debug_line_end)
 .debug_line    0x00000000      0x151 D:/Program Files (x86)/Atmel/Studio/7.0/Packs/atmel/ATmega_DFP/1.2.132/gcc/dev/atmega324pa/avr5/crtatmega324pa.o
 .debug_line    0x00000151      0x1a7 byteStuffing.o
 .debug_line    0x000002f8      0x808 game.o
 .debug_line    0x00000b00      0x136 joystick.o
 .debug_line    0x00000c36      0x23e main.o
 .debug_line    0x00000e74      0x3f6 protocol.o
 .debug_line    0x0000126a      0x3b1 serialcom.o
 .debug_line    0x0000161b      0x2cb src/board/board.o
 .debug_line    0x000018e6      0x1a3 src/buffer/buffer.o
 .debug_line    0x00001a89      0x246 src/FreeRTOS/Source/list.o
 .debug_line    0x00001ccf      0x41f src/FreeRTOS/Source/portable/GCC/ATMega324/port.o
 .debug_line    0x000020ee      0x2de src/serial/serial.o
 .debug_line    0x000023cc      0x338 src/FreeRTOS/Source/portable/MemMang/heap_2.o
 .debug_line    0x00002704      0xc29 src/FreeRTOS/Source/queue.o
 .debug_line    0x0000332d     0x1469 src/FreeRTOS/Source/tasks.o

.debug_frame    0x00000000     0x17e4
 *(.debug_frame)
 .debug_frame   0x00000000       0x54 byteStuffing.o
 .debug_frame   0x00000054      0x244 game.o
 .debug_frame   0x00000298       0x54 joystick.o
 .debug_frame   0x000002ec      0x124 main.o
 .debug_frame   0x00000410      0x134 protocol.o
 .debug_frame   0x00000544       0xb4 serialcom.o
 .debug_frame   0x000005f8      0x1a0 src/board/board.o
 .debug_frame   0x00000798       0xd4 src/buffer/buffer.o
 .debug_frame   0x0000086c       0xb4 src/FreeRTOS/Source/list.o
 .debug_frame   0x00000920       0xc4 src/FreeRTOS/Source/portable/GCC/ATMega324/port.o
 .debug_frame   0x000009e4      0x264 src/serial/serial.o
 .debug_frame   0x00000c48       0xb4 src/FreeRTOS/Source/portable/MemMang/heap_2.o
 .debug_frame   0x00000cfc      0x3cc src/FreeRTOS/Source/queue.o
 .debug_frame   0x000010c8      0x71c src/FreeRTOS/Source/tasks.o

.debug_str      0x00000000     0x213b
 *(.debug_str)
 .debug_str     0x00000000      0x255 D:/Program Files (x86)/Atmel/Studio/7.0/Packs/atmel/ATmega_DFP/1.2.132/gcc/dev/atmega324pa/avr5/crtatmega324pa.o
 .debug_str     0x00000255      0x24d byteStuffing.o
                                0x281 (size before relaxing)
 .debug_str     0x000004a2      0x1e5 game.o
                                0x38f (size before relaxing)
 .debug_str     0x00000687       0x65 joystick.o
                                0x225 (size before relaxing)
 .debug_str     0x000006ec       0xdb main.o
                                0x29f (size before relaxing)
 .debug_str     0x000007c7      0x156 protocol.o
                                0x351 (size before relaxing)
 .debug_str     0x0000091d      0x143 serialcom.o
                                0x3c0 (size before relaxing)
 .debug_str     0x00000a60      0x228 src/board/board.o
                                0x3ef (size before relaxing)
 .debug_str     0x00000c88       0x73 src/buffer/buffer.o
                                0x242 (size before relaxing)
 .debug_str     0x00000cfb      0x13b src/FreeRTOS/Source/list.o
                                0x2e3 (size before relaxing)
 .debug_str     0x00000e36      0x118 src/FreeRTOS/Source/portable/GCC/ATMega324/port.o
                                0x2ce (size before relaxing)
 .debug_str     0x00000f4e      0x152 src/serial/serial.o
                                0x41b (size before relaxing)
 .debug_str     0x000010a0      0x15f src/FreeRTOS/Source/portable/MemMang/heap_2.o
                                0x332 (size before relaxing)
 .debug_str     0x000011ff      0x49a src/FreeRTOS/Source/queue.o
                                0x72e (size before relaxing)
 .debug_str     0x00001699      0xaa2 src/FreeRTOS/Source/tasks.o
                                0xe55 (size before relaxing)

.debug_loc      0x00000000     0x3261
 *(.debug_loc)
 .debug_loc     0x00000000       0x8e byteStuffing.o
 .debug_loc     0x0000008e      0x4cb game.o
 .debug_loc     0x00000559       0x83 joystick.o
 .debug_loc     0x000005dc      0x226 main.o
 .debug_loc     0x00000802      0x284 protocol.o
 .debug_loc     0x00000a86      0x167 serialcom.o
 .debug_loc     0x00000bed      0x38c src/board/board.o
 .debug_loc     0x00000f79      0x1b0 src/buffer/buffer.o
 .debug_loc     0x00001129      0x167 src/FreeRTOS/Source/list.o
 .debug_loc     0x00001290      0x105 src/FreeRTOS/Source/portable/GCC/ATMega324/port.o
 .debug_loc     0x00001395      0x58c src/serial/serial.o
 .debug_loc     0x00001921      0x14c src/FreeRTOS/Source/portable/MemMang/heap_2.o
 .debug_loc     0x00001a6d      0x84f src/FreeRTOS/Source/queue.o
 .debug_loc     0x000022bc      0xfa5 src/FreeRTOS/Source/tasks.o

.debug_macinfo
 *(.debug_macinfo)

.debug_weaknames
 *(.debug_weaknames)

.debug_funcnames
 *(.debug_funcnames)

.debug_typenames
 *(.debug_typenames)

.debug_varnames
 *(.debug_varnames)

.debug_pubtypes
 *(.debug_pubtypes)

.debug_ranges   0x00000000      0x580
 *(.debug_ranges)
 .debug_ranges  0x00000000       0x18 byteStuffing.o
 .debug_ranges  0x00000018       0x88 game.o
 .debug_ranges  0x000000a0       0x18 joystick.o
 .debug_ranges  0x000000b8       0x48 main.o
 .debug_ranges  0x00000100       0x50 protocol.o
 .debug_ranges  0x00000150       0x30 serialcom.o
 .debug_ranges  0x00000180       0x50 src/board/board.o
 .debug_ranges  0x000001d0       0x38 src/buffer/buffer.o
 .debug_ranges  0x00000208       0x30 src/FreeRTOS/Source/list.o
 .debug_ranges  0x00000238       0x40 src/FreeRTOS/Source/portable/GCC/ATMega324/port.o
 .debug_ranges  0x00000278       0x48 src/serial/serial.o
 .debug_ranges  0x000002c0       0x30 src/FreeRTOS/Source/portable/MemMang/heap_2.o
 .debug_ranges  0x000002f0       0xf0 src/FreeRTOS/Source/queue.o
 .debug_ranges  0x000003e0      0x1a0 src/FreeRTOS/Source/tasks.o

.debug_macro
 *(.debug_macro)
OUTPUT(SEP4E-Two-player-snake.elf elf32-avr)
LOAD linker stubs
